#
# $Id: sizeAdjustment.lst 202 2006-03-14 23:28:28Z nuance $
#
#
SIZENAME:Small		ABB:S	BONUS:ITEMCOST|TYPE=Ammunition,TYPE=Armor,TYPE=Shield,TYPE=Weapon|1
SIZENAME:Small		BONUS:ITEMWEIGHT|TYPE=Ammunition,TYPE=Armor,TYPE=Shield,TYPE=Weapon|0.5	BONUS:ITEMWEIGHT|TYPE=Goods|0.25
SIZENAME:Small		BONUS:ACVALUE|TYPE.Armor,TYPE.Shield|1	BONUS:COMBAT|AC|1|TYPE=Size	BONUS:COMBAT|TOHIT|1|TYPE=SIZE	BONUS:COMBAT|TOHIT.GRAPPLE|-5|TYPE=Size
SIZENAME:Small		BONUS:ITEMCAPACITY|TYPE=Goods|0.25
#SIZENAME:Small		BONUS:SKILL|Hide|4|TYPE=SIZE
#SIZENAME:Small		BONUS:LOADMULT|TYPE=SIZE|0.25|PRELEGSGTEQ:4
#SIZENAME:Small		BONUS:STAT|STR|2|PREBASESIZELT:Tiny		BONUS:STAT|STR|4|PREBASESIZELT:Small
#SIZENAME:Small		BONUS:STAT|DEX|-2|PREBASESIZEEQ:Fine	BONUS:STAT|DEX|-2|PREBASESIZELT:Tiny	BONUS:STAT|DEX|-2|PREBASESIZELT:Small
#
SIZENAME:Medium		ABB:M	BONUS:ITEMCOST|TYPE=Ammunition,TYPE=Armor,TYPE=Shield,TYPE=Weapon|1
SIZENAME:Medium		BONUS:ITEMWEIGHT|TYPE=Ammunition,TYPE=Armor,TYPE=Shield,TYPE=Weapon|1	BONUS:ITEMWEIGHT|TYPE=Goods|1
SIZENAME:Medium		BONUS:ACVALUE|TYPE.Armor,TYPE.Shield|1
SIZENAME:Medium		BONUS:ITEMCAPACITY|TYPE=Goods|1	ISDEFAULTSIZE:Y
#
SIZENAME:Large		ABB:L	BONUS:ITEMCOST|TYPE=Ammunition,TYPE=Armor,TYPE=Shield,TYPE=Weapon|2
SIZENAME:Large		BONUS:ITEMWEIGHT|TYPE=Ammunition,TYPE=Armor,TYPE=Shield,TYPE=Weapon|2	BONUS:ITEMWEIGHT|TYPE=Goods|1
SIZENAME:Large		BONUS:ACVALUE|TYPE.Armor,TYPE.Shield|1	BONUS:COMBAT|AC|-1|TYPE=Size	BONUS:COMBAT|TOHIT|-1|TYPE=SIZE	BONUS:COMBAT|TOHIT.GRAPPLE|5|TYPE=Size
SIZENAME:Large		BONUS:ITEMCAPACITY|TYPE=Goods|1
#SIZENAME:Large		BONUS:SKILL|Hide|-4|TYPE=SIZE
#SIZENAME:Large		BONUS:LOADMULT|TYPE=SIZE|1|PRELEGSGTEQ:4
#SIZENAME:Large		BONUS:COMBAT|AC|2|PREBASESIZELTEQ:Medium|TYPE=NaturalArmor.REPLACE
#SIZENAME:Large		BONUS:STAT|STR|2|PREBASESIZELT:Tiny		BONUS:STAT|STR|4|PREBASESIZELT:Small	BONUS:STAT|STR|4|PREBASESIZELT:Medium	BONUS:STAT|STR|8|PREBASESIZELT:Large
#SIZENAME:Large		BONUS:STAT|DEX|-2|PREBASESIZEEQ:Fine	BONUS:STAT|DEX|-2|PREBASESIZELT:Tiny	BONUS:STAT|DEX|-2|PREBASESIZELT:Small	BONUS:STAT|DEX|-2|PREBASESIZELT:Medium	BONUS:STAT|DEX|-2|PREBASESIZELT:Large
#SIZENAME:Large		BONUS:STAT|CON|2|PREBASESIZELT:Medium	BONUS:STAT|CON|4|PREBASESIZELT:Large
#


